<?xml version="1.0" encoding="utf-8" ?>
<driver xmlns:driver="http://brestmilk.by/driver/">
	<driver:driver>
		<driver:subtypes xmlns:subtypes="http://brestmilk.by/subtypes/">
			<subtypes:subtype>
				<subtypes:enabled>0</subtypes:enabled>
				<subtypes:id>1</subtypes:id>
			</subtypes:subtype>
			<subtypes:subtype>
				<subtypes:enabled>0</subtypes:enabled>
				<subtypes:id>2</subtypes:id>
			</subtypes:subtype>
			<subtypes:subtype>
				<subtypes:enabled>0</subtypes:enabled>
				<subtypes:id>3</subtypes:id>
			</subtypes:subtype>
			<subtypes:subtype>
				<subtypes:enabled>0</subtypes:enabled>
				<subtypes:id>4</subtypes:id>
			</subtypes:subtype>
			<subtypes:subtype>
				<subtypes:enabled>0</subtypes:enabled>
				<subtypes:id>5</subtypes:id>
			</subtypes:subtype>
			<subtypes:subtype>
				<subtypes:enabled>0</subtypes:enabled>
				<subtypes:id>6</subtypes:id>
			</subtypes:subtype>
		</driver:subtypes>
	</driver:driver>
</driver>