<?xml version="1.0" encoding="utf-8" ?>
<driver xmlns:driver="http://brestmilk.by/driver/">
	<driver:driver>
		<driver:subtypes xmlns:subtypes="http://brestmilk.by/subtypes/">
			<subtypes:subtype>
				<subtypes:channels xmlns:channels="http://brestmilk.by/channels/">
					<channels:channel>
						<channels:descr>TANK32V1.ST</channels:descr>
					</channels:channel>
					<channels:channel>
						<channels:descr>V3202 : tank 32 valve 2</channels:descr>
					</channels:channel>
					<channels:channel>
						<channels:descr>TANK32V3.ST</channels:descr>
					</channels:channel>
				</subtypes:channels>
			</subtypes:subtype>
		</driver:subtypes>
	</driver:driver>
</driver>